[    0.000000] Linux version 6.3.0-thor_kernel (root@psaulnie) (gcc (GCC) 12.2.0, GNU ld (GNU Binutils) 2.40) #2 SMP PREEMPT_DYNAMIC Thu Mar 30 15:18:04 CEST 2023
[    0.000000] Command line: BOOT_IMAGE=/task02 root=/dev/sda4 ro
[    0.000000] [Firmware Bug]: TSC doesn't count with P0 frequency!
[    0.000000] x86/fpu: Supporting XSAVE feature 0x001: 'x87 floating point registers'
[    0.000000] x86/fpu: Supporting XSAVE feature 0x002: 'SSE registers'
[    0.000000] x86/fpu: Supporting XSAVE feature 0x004: 'AVX registers'
[    0.000000] x86/fpu: xstate_offset[2]:  576, xstate_sizes[2]:  256
[    0.000000] x86/fpu: Enabled xstate features 0x7, context size is 832 bytes, using 'standard' format.
[    0.000000] signal: max sigframe size: 1776
[    0.000000] BIOS-provided physical RAM map:
[    0.000000] BIOS-e820: [mem 0x0000000000000000-0x000000000009fbff] usable
[    0.000000] BIOS-e820: [mem 0x000000000009fc00-0x000000000009ffff] reserved
[    0.000000] BIOS-e820: [mem 0x00000000000f0000-0x00000000000fffff] reserved
[    0.000000] BIOS-e820: [mem 0x0000000000100000-0x00000000dffeffff] usable
[    0.000000] BIOS-e820: [mem 0x00000000dfff0000-0x00000000dfffffff] ACPI data
[    0.000000] BIOS-e820: [mem 0x00000000fec00000-0x00000000fec00fff] reserved
[    0.000000] BIOS-e820: [mem 0x00000000fee00000-0x00000000fee00fff] reserved
[    0.000000] BIOS-e820: [mem 0x00000000fffc0000-0x00000000ffffffff] reserved
[    0.000000] BIOS-e820: [mem 0x0000000100000000-0x000000011fffffff] usable
[    0.000000] NX (Execute Disable) protection: active
[    0.000000] SMBIOS 2.5 present.
[    0.000000] DMI: innotek GmbH VirtualBox/VirtualBox, BIOS VirtualBox 12/01/2006
[    0.000000] Hypervisor detected: KVM
[    0.000000] kvm-clock: Using msrs 4b564d01 and 4b564d00
[    0.000005] kvm-clock: using sched offset of 77961409983 cycles
[    0.000012] clocksource: kvm-clock: mask: 0xffffffffffffffff max_cycles: 0x1cd42e4dffb, max_idle_ns: 881590591483 ns
[    0.000019] tsc: Detected 2096.070 MHz processor
[    0.001000] e820: update [mem 0x00000000-0x00000fff] usable ==> reserved
[    0.001000] e820: remove [mem 0x000a0000-0x000fffff] usable
[    0.001000] last_pfn = 0x120000 max_arch_pfn = 0x400000000
[    0.001000] MTRRs disabled by BIOS
[    0.001000] x86/PAT: Configuration [0-7]: WB  WC  UC- UC  WB  WP  UC- WT  
[    0.001000] last_pfn = 0xdfff0 max_arch_pfn = 0x400000000
[    0.001000] found SMP MP-table at [mem 0x0009fff0-0x0009ffff]
[    0.001000] ACPI: Early table checksum verification disabled
[    0.001000] ACPI: RSDP 0x00000000000E0000 000024 (v02 VBOX  )
[    0.001000] ACPI: XSDT 0x00000000DFFF0030 00003C (v01 VBOX   VBOXXSDT 00000001 ASL  00000061)
[    0.001000] ACPI: FACP 0x00000000DFFF00F0 0000F4 (v04 VBOX   VBOXFACP 00000001 ASL  00000061)
[    0.001000] ACPI: DSDT 0x00000000DFFF0480 002325 (v02 VBOX   VBOXBIOS 00000002 INTL 20200925)
[    0.001000] ACPI: FACS 0x00000000DFFF0200 000040
[    0.001000] ACPI: FACS 0x00000000DFFF0200 000040
[    0.001000] ACPI: APIC 0x00000000DFFF0240 00006C (v02 VBOX   VBOXAPIC 00000001 ASL  00000061)
[    0.001000] ACPI: SSDT 0x00000000DFFF02B0 0001CC (v01 VBOX   VBOXCPUT 00000002 INTL 20200925)
[    0.001000] ACPI: Reserving FACP table memory at [mem 0xdfff00f0-0xdfff01e3]
[    0.001000] ACPI: Reserving DSDT table memory at [mem 0xdfff0480-0xdfff27a4]
[    0.001000] ACPI: Reserving FACS table memory at [mem 0xdfff0200-0xdfff023f]
[    0.001000] ACPI: Reserving FACS table memory at [mem 0xdfff0200-0xdfff023f]
[    0.001000] ACPI: Reserving APIC table memory at [mem 0xdfff0240-0xdfff02ab]
[    0.001000] ACPI: Reserving SSDT table memory at [mem 0xdfff02b0-0xdfff047b]
[    0.001000] No NUMA configuration found
[    0.001000] Faking a node at [mem 0x0000000000000000-0x000000011fffffff]
[    0.001000] NODE_DATA(0) allocated [mem 0x11fff8000-0x11fffbfff]
[    0.001000] Zone ranges:
[    0.001000]   DMA      [mem 0x0000000000001000-0x0000000000ffffff]
[    0.001000]   DMA32    [mem 0x0000000001000000-0x00000000ffffffff]
[    0.001000]   Normal   [mem 0x0000000100000000-0x000000011fffffff]
[    0.001000] Movable zone start for each node
[    0.001000] Early memory node ranges
[    0.001000]   node   0: [mem 0x0000000000001000-0x000000000009efff]
[    0.001000]   node   0: [mem 0x0000000000100000-0x00000000dffeffff]
[    0.001000]   node   0: [mem 0x0000000100000000-0x000000011fffffff]
[    0.001000] Initmem setup node 0 [mem 0x0000000000001000-0x000000011fffffff]
[    0.001000] On node 0, zone DMA: 1 pages in unavailable ranges
[    0.001000] On node 0, zone DMA: 97 pages in unavailable ranges
[    0.001000] On node 0, zone Normal: 16 pages in unavailable ranges
[    0.001000] ACPI: PM-Timer IO Port: 0x4008
[    0.001000] IOAPIC[0]: apic_id 4, version 32, address 0xfec00000, GSI 0-23
[    0.001000] ACPI: INT_SRC_OVR (bus 0 bus_irq 0 global_irq 2 dfl dfl)
[    0.001000] ACPI: INT_SRC_OVR (bus 0 bus_irq 9 global_irq 9 low level)
[    0.001000] ACPI: Using ACPI (MADT) for SMP configuration information
[    0.001000] smpboot: Allowing 4 CPUs, 0 hotplug CPUs
[    0.001000] PM: hibernation: Registered nosave memory: [mem 0x00000000-0x00000fff]
[    0.001000] PM: hibernation: Registered nosave memory: [mem 0x0009f000-0x0009ffff]
[    0.001000] PM: hibernation: Registered nosave memory: [mem 0x000a0000-0x000effff]
[    0.001000] PM: hibernation: Registered nosave memory: [mem 0x000f0000-0x000fffff]
[    0.001000] PM: hibernation: Registered nosave memory: [mem 0xdfff0000-0xdfffffff]
[    0.001000] PM: hibernation: Registered nosave memory: [mem 0xe0000000-0xfebfffff]
[    0.001000] PM: hibernation: Registered nosave memory: [mem 0xfec00000-0xfec00fff]
[    0.001000] PM: hibernation: Registered nosave memory: [mem 0xfec01000-0xfedfffff]
[    0.001000] PM: hibernation: Registered nosave memory: [mem 0xfee00000-0xfee00fff]
[    0.001000] PM: hibernation: Registered nosave memory: [mem 0xfee01000-0xfffbffff]
[    0.001000] PM: hibernation: Registered nosave memory: [mem 0xfffc0000-0xffffffff]
[    0.001000] [mem 0xe0000000-0xfebfffff] available for PCI devices
[    0.001000] Booting paravirtualized kernel on KVM
[    0.001000] clocksource: refined-jiffies: mask: 0xffffffff max_cycles: 0xffffffff, max_idle_ns: 1910969940391419 ns
[    0.001000] setup_percpu: NR_CPUS:64 nr_cpumask_bits:4 nr_cpu_ids:4 nr_node_ids:1
[    0.001000] percpu: Embedded 54 pages/cpu s182248 r8192 d30744 u524288
[    0.001000] pcpu-alloc: s182248 r8192 d30744 u524288 alloc=1*2097152
[    0.001000] pcpu-alloc: [0] 0 1 2 3 
[    0.001000] Fallback order for Node 0: 0 
[    0.001000] Built 1 zonelists, mobility grouping on.  Total pages: 1031920
[    0.001000] Policy zone: Normal
[    0.001000] Kernel command line: BOOT_IMAGE=/task02 root=/dev/sda4 ro
[    0.001000] Unknown kernel command line parameters "BOOT_IMAGE=/task02", will be passed to user space.
[    0.001000] random: crng init done
[    0.001000] Dentry cache hash table entries: 524288 (order: 10, 4194304 bytes, linear)
[    0.001000] Inode-cache hash table entries: 262144 (order: 9, 2097152 bytes, linear)
[    0.001000] mem auto-init: stack:all(zero), heap alloc:off, heap free:off
[    0.001000] software IO TLB: area num 4.
[    0.001000] Memory: 4015024K/4193848K available (18432K kernel code, 2717K rwdata, 6260K rodata, 2572K init, 1696K bss, 178564K reserved, 0K cma-reserved)
[    0.001000] SLUB: HWalign=64, Order=0-3, MinObjects=0, CPUs=4, Nodes=1
[    0.001000] Dynamic Preempt: voluntary
[    0.001000] rcu: Preemptible hierarchical RCU implementation.
[    0.001000] rcu: 	RCU event tracing is enabled.
[    0.001000] rcu: 	RCU restricting CPUs from NR_CPUS=64 to nr_cpu_ids=4.
[    0.001000] 	Trampoline variant of Tasks RCU enabled.
[    0.001000] rcu: RCU calculated value of scheduler-enlistment delay is 100 jiffies.
[    0.001000] rcu: Adjusting geometry for rcu_fanout_leaf=16, nr_cpu_ids=4
[    0.001000] NR_IRQS: 4352, nr_irqs: 456, preallocated irqs: 16
[    0.001000] rcu: srcu_init: Setting srcu_struct sizes based on contention.
[    0.001000] Console: colour VGA+ 80x25
[    0.001000] printk: console [tty0] enabled
[    0.001000] ACPI: Core revision 20221020
[    0.001000] APIC: Switch to symmetric I/O mode setup
[    0.001000] ..TIMER: vector=0x30 apic1=0 pin1=2 apic2=-1 pin2=-1
[    0.001000] clocksource: tsc-early: mask: 0xffffffffffffffff max_cycles: 0x1e36afe1f79, max_idle_ns: 440795235573 ns
[    0.097384] Calibrating delay loop (skipped) preset value.. 4192.14 BogoMIPS (lpj=2096070)
[    0.097613] pid_max: default: 32768 minimum: 301
[    0.097762] LSM: initializing lsm=capability,integrity,selinux
[    0.097924] SELinux:  Initializing.
[    0.098067] Mount-cache hash table entries: 8192 (order: 4, 65536 bytes, linear)
[    0.098291] Mountpoint-cache hash table entries: 8192 (order: 4, 65536 bytes, linear)
[    0.098379] Last level iTLB entries: 4KB 1024, 2MB 1024, 4MB 512
[    0.098379] Last level dTLB entries: 4KB 2048, 2MB 2048, 4MB 1024, 1GB 0
[    0.098379] Spectre V1 : Mitigation: usercopy/swapgs barriers and __user pointer sanitization
[    0.098379] Spectre V2 : Mitigation: Retpolines
[    0.098379] Spectre V2 : Spectre v2 / SpectreRSB mitigation: Filling RSB on context switch
[    0.098379] Spectre V2 : Spectre v2 / SpectreRSB : Filling RSB on VMEXIT
[    0.098379] RETBleed: Mitigation: untrained return thunk
[    0.098379] Freeing SMP alternatives memory: 48K
[    0.201699] APIC calibration not consistent with PM-Timer: 109ms instead of 100ms
[    0.201933] APIC delta adjusted to PM-Timer: 6307041 (6894165)
[    0.202149] smpboot: CPU0: AMD Ryzen 5 5500U with Radeon Graphics (family: 0x17, model: 0x68, stepping: 0x1)
[    0.202379] cblist_init_generic: Setting adjustable number of callback queues.
[    0.202379] cblist_init_generic: Setting shift to 2 and lim to 1.
[    0.202379] Performance Events: PMU not available due to virtualization, using software events only.
[    0.202397] rcu: Hierarchical SRCU implementation.
[    0.202543] rcu: 	Max phase no-delay instances is 400.
[    0.203075] smp: Bringing up secondary CPUs ...
[    0.203275] x86: Booting SMP configuration:
[    0.203381] .... node  #0, CPUs:      #1 #2 #3
[    0.208464] smp: Brought up 1 node, 4 CPUs
[    0.208745] smpboot: Max logical packages: 1
[    0.208879] smpboot: Total of 4 processors activated (16768.56 BogoMIPS)
[    0.209598] devtmpfs: initialized
[    0.210455] clocksource: jiffies: mask: 0xffffffff max_cycles: 0xffffffff, max_idle_ns: 1911260446275000 ns
[    0.210693] futex hash table entries: 1024 (order: 4, 65536 bytes, linear)
[    0.210940] PM: RTC time: 13:24:45, date: 2023-03-30
[    0.211441] NET: Registered PF_NETLINK/PF_ROUTE protocol family
[    0.211658] audit: initializing netlink subsys (disabled)
[    0.211832] audit: type=2000 audit(1680182764.358:1): state=initialized audit_enabled=0 res=1
[    0.211832] thermal_sys: Registered thermal governor 'step_wise'
[    0.211967] thermal_sys: Registered thermal governor 'user_space'
[    0.212402] cpuidle: using governor menu
[    0.213459] PCI: Using configuration type 1 for base access
[    0.213617] PCI: Using configuration type 1 for extended access
[    0.213896] kprobes: kprobe jump-optimization is enabled. All kprobes are optimized if possible.
[    0.215411] HugeTLB: registered 2.00 MiB page size, pre-allocated 0 pages
[    0.215411] HugeTLB: 28 KiB vmemmap can be freed for a 2.00 MiB page
[    0.216600] ACPI: Added _OSI(Module Device)
[    0.216765] ACPI: Added _OSI(Processor Device)
[    0.217080] ACPI: Added _OSI(3.0 _SCP Extensions)
[    0.217381] ACPI: Added _OSI(Processor Aggregator Device)
[    0.220383] ACPI: 2 ACPI AML tables successfully acquired and loaded
[    0.302621] ACPI: Interpreter enabled
[    0.303024] ACPI: PM: (supports S0 S5)
[    0.303330] ACPI: Using IOAPIC for interrupt routing
[    0.303379] PCI: Using host bridge windows from ACPI; if necessary, use "pci=nocrs" and report a bug
[    0.303379] PCI: Using E820 reservations for host bridge windows
[    0.303379] ACPI: Enabled 2 GPEs in block 00 to 07
[    0.308746] ACPI: PCI Root Bridge [PCI0] (domain 0000 [bus 00-ff])
[    0.309286] acpi PNP0A03:00: _OSC: OS supports [ExtendedConfig ASPM ClockPM Segments MSI HPX-Type3]
[    0.309379] acpi PNP0A03:00: _OSC: platform does not support [PCIeCapability LTR]
[    0.309898] acpi PNP0A03:00: _OSC: not requesting control; platform does not support [PCIeCapability]
[    0.310379] acpi PNP0A03:00: _OSC: OS requested [PME PCIeCapability LTR]
[    0.310379] acpi PNP0A03:00: _OSC: platform willing to grant [PME]
[    0.310379] acpi PNP0A03:00: _OSC: platform retains control of PCIe features (AE_SUPPORT)
[    0.310514] PCI host bridge to bus 0000:00
[    0.310817] pci_bus 0000:00: root bus resource [io  0x0000-0x0cf7 window]
[    0.311327] pci_bus 0000:00: root bus resource [io  0x0d00-0xffff window]
[    0.311379] pci_bus 0000:00: root bus resource [mem 0x000a0000-0x000bffff window]
[    0.311379] pci_bus 0000:00: root bus resource [mem 0xe0000000-0xfdffffff window]
[    0.311379] pci_bus 0000:00: root bus resource [bus 00-ff]
[    0.311379] pci 0000:00:01.0: [8086:7000] type 00 class 0x060100
[    0.312430] pci 0000:00:01.1: [8086:7111] type 00 class 0x01018a
[    0.313393] pci 0000:00:01.1: reg 0x20: [io  0xd000-0xd00f]
[    0.314037] pci 0000:00:01.1: legacy IDE quirk: reg 0x10: [io  0x01f0-0x01f7]
[    0.314379] pci 0000:00:01.1: legacy IDE quirk: reg 0x14: [io  0x03f6]
[    0.314379] pci 0000:00:01.1: legacy IDE quirk: reg 0x18: [io  0x0170-0x0177]
[    0.314379] pci 0000:00:01.1: legacy IDE quirk: reg 0x1c: [io  0x0376]
[    0.314584] pci 0000:00:02.0: [15ad:0405] type 00 class 0x030000
[    0.315813] pci 0000:00:02.0: reg 0x10: [io  0xd010-0xd01f]
[    0.317870] pci 0000:00:02.0: reg 0x14: [mem 0xe0000000-0xe0ffffff pref]
[    0.319418] pci 0000:00:02.0: reg 0x18: [mem 0xf0000000-0xf01fffff]
[    0.324563] pci 0000:00:02.0: Video device with shadowed ROM at [mem 0x000c0000-0x000dffff]
[    0.325407] pci 0000:00:03.0: [8086:100e] type 00 class 0x020000
[    0.326554] pci 0000:00:03.0: reg 0x10: [mem 0xf0200000-0xf021ffff]
[    0.328379] pci 0000:00:03.0: reg 0x18: [io  0xd020-0xd027]
[    0.332400] pci 0000:00:04.0: [80ee:cafe] type 00 class 0x088000
[    0.333535] pci 0000:00:04.0: reg 0x10: [io  0xd040-0xd05f]
[    0.335379] pci 0000:00:04.0: reg 0x14: [mem 0xf0400000-0xf07fffff]
[    0.336527] pci 0000:00:04.0: reg 0x18: [mem 0xf0800000-0xf0803fff pref]
[    0.339798] pci 0000:00:05.0: [8086:2415] type 00 class 0x040100
[    0.340483] pci 0000:00:05.0: reg 0x10: [io  0xd100-0xd1ff]
[    0.340909] pci 0000:00:05.0: reg 0x14: [io  0xd200-0xd23f]
[    0.341858] pci 0000:00:06.0: [106b:003f] type 00 class 0x0c0310
[    0.343550] pci 0000:00:06.0: reg 0x10: [mem 0xf0804000-0xf0804fff]
[    0.348778] pci 0000:00:07.0: [8086:7113] type 00 class 0x068000
[    0.349766] pci 0000:00:07.0: quirk: [io  0x4000-0x403f] claimed by PIIX4 ACPI
[    0.350381] pci 0000:00:07.0: quirk: [io  0x4100-0x410f] claimed by PIIX4 SMB
[    0.351382] pci 0000:00:0d.0: [8086:2829] type 00 class 0x010601
[    0.352468] pci 0000:00:0d.0: reg 0x10: [io  0xd240-0xd247]
[    0.353509] pci 0000:00:0d.0: reg 0x14: [io  0xd248-0xd24b]
[    0.354516] pci 0000:00:0d.0: reg 0x18: [io  0xd250-0xd257]
[    0.355509] pci 0000:00:0d.0: reg 0x1c: [io  0xd258-0xd25b]
[    0.356522] pci 0000:00:0d.0: reg 0x20: [io  0xd260-0xd26f]
[    0.358379] pci 0000:00:0d.0: reg 0x24: [mem 0xf0806000-0xf0807fff]
[    0.361867] ACPI: PCI: Interrupt link LNKA configured for IRQ 11
[    0.362488] ACPI: PCI: Interrupt link LNKB configured for IRQ 10
[    0.362981] ACPI: PCI: Interrupt link LNKC configured for IRQ 9
[    0.363486] ACPI: PCI: Interrupt link LNKD configured for IRQ 11
[    0.364683] iommu: Default domain type: Translated 
[    0.365119] iommu: DMA domain TLB invalidation policy: lazy mode 
[    0.365379] SCSI subsystem initialized
[    0.365421] libata version 3.00 loaded.
[    0.365472] ACPI: bus type USB registered
[    0.365472] usbcore: registered new interface driver usbfs
[    0.365779] usbcore: registered new interface driver hub
[    0.366236] usbcore: registered new device driver usb
[    0.366379] pps_core: LinuxPPS API ver. 1 registered
[    0.366380] pps_core: Software ver. 5.3.6 - Copyright 2005-2007 Rodolfo Giometti <giometti@linux.it>
[    0.366967] PTP clock support registered
[    0.367464] Advanced Linux Sound Architecture Driver Initialized.
[    0.368268] NetLabel: Initializing
[    0.368382] NetLabel:  domain hash size = 128
[    0.368781] NetLabel:  protocols = UNLABELED CIPSOv4 CALIPSO
[    0.369172] NetLabel:  unlabeled traffic allowed by default
[    0.369410] PCI: Using ACPI for IRQ routing
[    0.369718] PCI: pci_cache_line_size set to 64 bytes
[    0.369897] e820: reserve RAM buffer [mem 0x0009fc00-0x0009ffff]
[    0.369904] e820: reserve RAM buffer [mem 0xdfff0000-0xdfffffff]
[    0.370407] pci 0000:00:02.0: vgaarb: setting as boot VGA device
[    0.370902] pci 0000:00:02.0: vgaarb: bridge control possible
[    0.371379] pci 0000:00:02.0: vgaarb: VGA device added: decodes=io+mem,owns=io+mem,locks=none
[    0.371379] vgaarb: loaded
[    0.371381] clocksource: Switched to clocksource kvm-clock
[    0.379292] VFS: Disk quotas dquot_6.6.0
[    0.379415] VFS: Dquot-cache hash table entries: 512 (order 0, 4096 bytes)
[    0.380198] pnp: PnP ACPI init
[    0.381645] pnp: PnP ACPI: found 2 devices
[    0.395186] clocksource: acpi_pm: mask: 0xffffff max_cycles: 0xffffff, max_idle_ns: 2085701024 ns
[    0.395558] NET: Registered PF_INET protocol family
[    0.396084] IP idents hash table entries: 65536 (order: 7, 524288 bytes, linear)
[    0.396856] tcp_listen_portaddr_hash hash table entries: 2048 (order: 3, 32768 bytes, linear)
[    0.397106] Table-perturb hash table entries: 65536 (order: 6, 262144 bytes, linear)
[    0.397339] TCP established hash table entries: 32768 (order: 6, 262144 bytes, linear)
[    0.397387] TCP bind hash table entries: 32768 (order: 8, 1048576 bytes, linear)
[    0.397387] TCP: Hash tables configured (established 32768 bind 32768)
[    0.398479] UDP hash table entries: 2048 (order: 4, 65536 bytes, linear)
[    0.398768] UDP-Lite hash table entries: 2048 (order: 4, 65536 bytes, linear)
[    0.399011] NET: Registered PF_UNIX/PF_LOCAL protocol family
[    0.399614] RPC: Registered named UNIX socket transport module.
[    0.399786] RPC: Registered udp transport module.
[    0.399930] RPC: Registered tcp transport module.
[    0.400073] RPC: Registered tcp NFSv4.1 backchannel transport module.
[    0.400579] pci_bus 0000:00: resource 4 [io  0x0000-0x0cf7 window]
[    0.400755] pci_bus 0000:00: resource 5 [io  0x0d00-0xffff window]
[    0.400926] pci_bus 0000:00: resource 6 [mem 0x000a0000-0x000bffff window]
[    0.401111] pci_bus 0000:00: resource 7 [mem 0xe0000000-0xfdffffff window]
[    0.401980] PCI: CLS 0 bytes, default 64
[    0.402129] PCI-DMA: Using software bounce buffering for IO (SWIOTLB)
[    0.402318] software IO TLB: mapped [mem 0x00000000dbff0000-0x00000000dfff0000] (64MB)
[    0.402617] clocksource: tsc: mask: 0xffffffffffffffff max_cycles: 0x1e36afe1f79, max_idle_ns: 440795235573 ns
[    0.403011] clocksource: Switched to clocksource tsc
[    0.403180] platform rtc_cmos: registered platform RTC device (no PNP device found)
[    0.404747] Initialise system trusted keyrings
[    0.404981] workingset: timestamp_bits=56 max_order=20 bucket_order=0
[    0.405350] NFS: Registering the id_resolver key type
[    0.405509] Key type id_resolver registered
[    0.405667] Key type id_legacy registered
[    0.405851] 9p: Installing v9fs 9p2000 file system support
[    0.409160] Key type asymmetric registered
[    0.409318] Asymmetric key parser 'x509' registered
[    0.409487] Block layer SCSI generic (bsg) driver version 0.4 loaded (major 251)
[    0.409740] io scheduler mq-deadline registered
[    0.409883] io scheduler kyber registered
[    0.410395] ACPI: AC: AC Adapter [AC] (on-line)
[    0.410598] input: Power Button as /devices/LNXSYSTM:00/LNXPWRBN:00/input/input0
[    0.410954] ACPI: button: Power Button [PWRF]
[    0.411130] input: Sleep Button as /devices/LNXSYSTM:00/LNXSLPBN:00/input/input1
[    0.411369] ACPI: button: Sleep Button [SLPF]
[    0.411567] ACPI: video: Video Device [GFX0] (multi-head: yes  rom: no  post: no)
[    0.411815] input: Video Bus as /devices/LNXSYSTM:00/LNXSYBUS:00/PNP0A03:00/LNXVIDEO:00/input/input2
[    0.412344] Serial: 8250/16550 driver, 4 ports, IRQ sharing enabled
[    0.412686] ACPI: battery: Slot [BAT0] (battery present)
[    0.413124] Non-volatile memory driver v1.3
[    0.413262] Linux agpgart interface v0.103
[    0.413433] ACPI: bus type drm_connector registered
[    0.415799] loop: module loaded
[    0.415987] ahci 0000:00:0d.0: version 3.0
[    0.416305] ahci 0000:00:0d.0: SSS flag set, parallel bus scan disabled
[    0.416609] ahci 0000:00:0d.0: AHCI 0001.0100 32 slots 1 ports 3 Gbps 0x1 impl SATA mode
[    0.417252] ahci 0000:00:0d.0: flags: 64bit ncq stag only ccc 
[    0.417827] scsi host0: ahci
[    0.417973] ata1: SATA max UDMA/133 abar m8192@0xf0806000 port 0xf0806100 irq 21
[    0.418225] ata_piix 0000:00:01.1: version 2.13
[    0.419301] scsi host1: ata_piix
[    0.419646] scsi host2: ata_piix
[    0.419781] ata2: PATA max UDMA/33 cmd 0x1f0 ctl 0x3f6 bmdma 0xd000 irq 14
[    0.419967] ata3: PATA max UDMA/33 cmd 0x170 ctl 0x376 bmdma 0xd008 irq 15
[    0.420311] e100: Intel(R) PRO/100 Network Driver
[    0.420482] e100: Copyright(c) 1999-2006 Intel Corporation
[    0.420796] e1000: Intel(R) PRO/1000 Network Driver
[    0.420947] e1000: Copyright (c) 1999-2006 Intel Corporation.
[    0.577222] ata3.00: ATAPI: VBOX CD-ROM, 1.0, max UDMA/133
[    0.723782] e1000 0000:00:03.0 eth0: (PCI:33MHz:32-bit) 08:00:27:d4:22:e6
[    0.723987] e1000 0000:00:03.0 eth0: Intel(R) PRO/1000 Network Connection
[    0.724191] e1000e: Intel(R) PRO/1000 Network Driver
[    0.724339] e1000e: Copyright(c) 1999 - 2015 Intel Corporation.
[    0.724441] sky2: driver version 1.30
[    0.725104] ohci-pci 0000:00:06.0: OHCI PCI host controller
[    0.725338] ohci-pci 0000:00:06.0: new USB bus registered, assigned bus number 1
[    0.725608] ohci-pci 0000:00:06.0: irq 22, io mem 0xf0804000
[    0.728128] ata1: SATA link up 3.0 Gbps (SStatus 123 SControl 300)
[    0.728766] ata1.00: ATA-6: VBOX HARDDISK, 1.0, max UDMA/133
[    0.729227] ata1.00: 62914560 sectors, multi 128: LBA48 NCQ (depth 32)
[    0.730055] ata1.00: configured for UDMA/133
[    0.730447] scsi 0:0:0:0: Direct-Access     ATA      VBOX HARDDISK    1.0  PQ: 0 ANSI: 5
[    0.731590] scsi 0:0:0:0: Attached scsi generic sg0 type 0
[    0.731878] sd 0:0:0:0: [sda] 62914560 512-byte logical blocks: (32.2 GB/30.0 GiB)
[    0.732164] scsi 2:0:0:0: CD-ROM            VBOX     CD-ROM           1.0  PQ: 0 ANSI: 5
[    0.732493] sd 0:0:0:0: [sda] Write Protect is off
[    0.733018] sd 0:0:0:0: [sda] Mode Sense: 00 3a 00 00
[    0.733028] sd 0:0:0:0: [sda] Write cache: enabled, read cache: enabled, doesn't support DPO or FUA
[    0.733328] sd 0:0:0:0: [sda] Preferred minimum I/O size 512 bytes
[    0.735562]  sda: sda1 sda2 < sda5 > sda3 sda4
[    0.735987] sd 0:0:0:0: [sda] Attached SCSI disk
[    0.746171] sr 2:0:0:0: [sr0] scsi3-mmc drive: 32x/32x xa/form2 tray
[    0.746342] cdrom: Uniform CD-ROM driver Revision: 3.20
[    0.778663] sr 2:0:0:0: Attached scsi CD-ROM sr0
[    0.778849] sr 2:0:0:0: Attached scsi generic sg1 type 5
[    0.787815] usb usb1: New USB device found, idVendor=1d6b, idProduct=0001, bcdDevice= 6.03
[    0.788062] usb usb1: New USB device strings: Mfr=3, Product=2, SerialNumber=1
[    0.788752] usb usb1: Product: OHCI PCI host controller
[    0.789154] usb usb1: Manufacturer: Linux 6.3.0-thor_kernel ohci_hcd
[    0.789330] usb usb1: SerialNumber: 0000:00:06.0
[    0.789672] hub 1-0:1.0: USB hub found
[    0.789817] hub 1-0:1.0: 12 ports detected
[    0.790318] usbcore: registered new interface driver usblp
[    0.790490] usbcore: registered new interface driver usb-storage
[    0.790728] i8042: PNP: PS/2 Controller [PNP0303:PS2K,PNP0f03:PS2M] at 0x60,0x64 irq 1,12
[    0.791412] serio: i8042 KBD port at 0x60,0x64 irq 1
[    0.791585] serio: i8042 AUX port at 0x60,0x64 irq 12
[    0.792072] input: AT Translated Set 2 keyboard as /devices/platform/i8042/serio0/input/input3
[    0.792791] rtc_cmos rtc_cmos: registered as rtc0
[    0.792988] rtc_cmos rtc_cmos: alarms up to one day, 114 bytes nvram
[    0.793203] fail to initialize ptp_kvm
[    0.793275] device-mapper: ioctl: 4.47.0-ioctl (2022-07-28) initialised: dm-devel@redhat.com
[    0.793693] hid: raw HID events driver (C) Jiri Kosina
[    0.793992] usbcore: registered new interface driver usbhid
[    0.794161] usbhid: USB HID core driver
[    0.794817] Initializing XFRM netlink socket
[    0.795048] NET: Registered PF_INET6 protocol family
[    0.795915] Segment Routing with IPv6
[    0.796057] In-situ OAM (IOAM) with IPv6
[    0.796218] sit: IPv6, IPv4 and MPLS over IPv4 tunneling driver
[    0.796518] NET: Registered PF_PACKET protocol family
[    0.796691] 9pnet: Installing 9P2000 support
[    0.796845] Key type dns_resolver registered
[    0.797269] IPI shorthand broadcast: enabled
[    0.799135] sched_clock: Marking stable (702072972, 96379391)->(929042748, -130590385)
[    0.799527] registered taskstats version 1
[    0.799663] Loading compiled-in X.509 certificates
[    0.800665] PM:   Magic number: 15:987:433
[    0.800811] PM:   hash matches drivers/base/power/main.c:657
[    0.801012] printk: console [netcon0] enabled
[    0.801157] netconsole: network logging started
[    0.801411] cfg80211: Loading compiled-in X.509 certificates for regulatory database
[    0.801819] kworker/u8:2 (67) used greatest stack depth: 14856 bytes left
[    0.802224] Loaded X.509 cert 'sforshee: 00b28ddf47aef9cea7'
[    0.802471] platform regulatory.0: Direct firmware load for regulatory.db failed with error -2
[    0.802730] cfg80211: failed to load regulatory.db
[    0.802884] ALSA device list:
[    0.803000]   No soundcards found.
[    1.004914] input: ImExPS/2 Generic Explorer Mouse as /devices/platform/i8042/serio1/input/input5
[    1.005528] md: Waiting for all devices to be available before autodetect
[    1.005959] md: If you don't use raid, use raid=noautodetect
[    1.006335] md: Autodetecting RAID arrays.
[    1.006689] md: autorun ...
[    1.006948] md: ... autorun DONE.
[    1.014576] EXT4-fs (sda4): mounted filesystem 116ae56c-f493-4280-9a67-441ee5bbf999 with ordered data mode. Quota mode: none.
[    1.014909] VFS: Mounted root (ext4 filesystem) readonly on device 8:4.
[    1.016039] devtmpfs: mounted
[    1.016967] Freeing unused kernel image (initmem) memory: 2572K
[    1.020489] Write protecting the kernel read-only data: 26624k
[    1.021681] Freeing unused kernel image (rodata/data gap) memory: 1932K
[    1.055002] x86/mm: Checked W+X mappings: passed, no W+X pages found.
[    1.055185] Run /sbin/init as init process
[    1.055311]   with arguments:
[    1.055312]     /sbin/init
[    1.055312]   with environment:
[    1.055313]     HOME=/
[    1.055313]     TERM=linux
[    1.055314]     BOOT_IMAGE=/task02
[    1.072426] usb 1-1: new full-speed USB device number 2 using ohci-pci
[    1.087309] stty (77) used greatest stack depth: 13696 bytes left
[    1.093300] dmesg (78) used greatest stack depth: 13592 bytes left
[    1.118910] hostname (93) used greatest stack depth: 13504 bytes left
[    1.152587] ip (135) used greatest stack depth: 13000 bytes left
[    1.176660] udevd[160]: starting version 3.2.11
[    1.185003] udevd[161]: starting eudev-3.2.11
[    1.214097] e1000 0000:00:03.0 enp0s3: renamed from eth0
[    1.302010] usb 1-1: New USB device found, idVendor=80ee, idProduct=0021, bcdDevice= 1.00
[    1.302436] usb 1-1: New USB device strings: Mfr=1, Product=3, SerialNumber=0
[    1.302632] usb 1-1: Product: USB Tablet
[    1.302781] usb 1-1: Manufacturer: VirtualBox
[    1.313646] input: VirtualBox USB Tablet as /devices/pci0000:00/0000:00:06.0/usb1/1-1/1-1:1.0/0003:80EE:0021.0001/input/input6
[    1.314210] hid-generic 0003:80EE:0021.0001: input,hidraw0: USB HID v1.10 Mouse [VirtualBox USB Tablet] on usb-0000:00:06.0-1/input0
[    5.114516] Adding 975868k swap on /dev/sda5.  Priority:1 extents:1 across:975868k 
[    5.131764] EXT4-fs (sda4): re-mounted 116ae56c-f493-4280-9a67-441ee5bbf999. Quota mode: none.
[    5.177027] EXT4-fs (sda4): re-mounted 116ae56c-f493-4280-9a67-441ee5bbf999. Quota mode: none.
[    5.195901] EXT4-fs (sda3): mounted filesystem fac1d409-fe4a-4502-8243-d8a7d165131b with ordered data mode. Quota mode: none.
[    5.196951] ext4 filesystem being mounted at /boot supports timestamps until 2038 (0x7fffffff)
[    6.427805] e1000: enp0s3 NIC Link is Up 1000 Mbps Full Duplex, Flow Control: RX
[    6.428264] IPv6: ADDRCONF(NETDEV_CHANGE): enp0s3: link becomes ready
