[    0.000000] Linux version 6.1.11-psaulnie (root@psaulnie) (gcc (GCC) 12.2.0, GNU ld (GNU Binutils) 2.40) #1 SMP PREEMPT_DYNAMIC Wed Mar 15 15:43:49 CET 2023
[    0.000000] Command line: BOOT_IMAGE=/vmlinuz-6.1.11-psaulnie root=/dev/sda4 ro
[    0.000000] [Firmware Bug]: TSC doesn't count with P0 frequency!
[    0.000000] x86/fpu: Supporting XSAVE feature 0x001: 'x87 floating point registers'
[    0.000000] x86/fpu: Supporting XSAVE feature 0x002: 'SSE registers'
[    0.000000] x86/fpu: Supporting XSAVE feature 0x004: 'AVX registers'
[    0.000000] x86/fpu: xstate_offset[2]:  576, xstate_sizes[2]:  256
[    0.000000] x86/fpu: Enabled xstate features 0x7, context size is 832 bytes, using 'standard' format.
[    0.000000] signal: max sigframe size: 1776
[    0.000000] BIOS-provided physical RAM map:
[    0.000000] BIOS-e820: [mem 0x0000000000000000-0x000000000009fbff] usable
[    0.000000] BIOS-e820: [mem 0x000000000009fc00-0x000000000009ffff] reserved
[    0.000000] BIOS-e820: [mem 0x00000000000f0000-0x00000000000fffff] reserved
[    0.000000] BIOS-e820: [mem 0x0000000000100000-0x00000000dffeffff] usable
[    0.000000] BIOS-e820: [mem 0x00000000dfff0000-0x00000000dfffffff] ACPI data
[    0.000000] BIOS-e820: [mem 0x00000000fec00000-0x00000000fec00fff] reserved
[    0.000000] BIOS-e820: [mem 0x00000000fee00000-0x00000000fee00fff] reserved
[    0.000000] BIOS-e820: [mem 0x00000000fffc0000-0x00000000ffffffff] reserved
[    0.000000] BIOS-e820: [mem 0x0000000100000000-0x000000011fffffff] usable
[    0.000000] NX (Execute Disable) protection: active
[    0.000000] SMBIOS 2.5 present.
[    0.000000] DMI: innotek GmbH VirtualBox/VirtualBox, BIOS VirtualBox 12/01/2006
[    0.000000] Hypervisor detected: KVM
[    0.000000] kvm-clock: Using msrs 4b564d01 and 4b564d00
[    0.000001] kvm-clock: using sched offset of 3938481405 cycles
[    0.000003] clocksource: kvm-clock: mask: 0xffffffffffffffff max_cycles: 0x1cd42e4dffb, max_idle_ns: 881590591483 ns
[    0.000006] tsc: Detected 2096.068 MHz processor
[    0.000628] e820: update [mem 0x00000000-0x00000fff] usable ==> reserved
[    0.000637] e820: remove [mem 0x000a0000-0x000fffff] usable
[    0.000654] last_pfn = 0x120000 max_arch_pfn = 0x400000000
[    0.000676] Disabled
[    0.000678] x86/PAT: MTRRs disabled, skipping PAT initialization too.
[    0.000682] CPU MTRRs all blank - virtualized system.
[    0.000686] x86/PAT: Configuration [0-7]: WB  WT  UC- UC  WB  WT  UC- UC  
[    0.000695] last_pfn = 0xdfff0 max_arch_pfn = 0x400000000
[    0.000761] found SMP MP-table at [mem 0x0009fff0-0x0009ffff]
[    0.001585] RAMDISK: [mem 0x37329000-0x3798bfff]
[    0.001589] ACPI: Early table checksum verification disabled
[    0.001592] ACPI: RSDP 0x00000000000E0000 000024 (v02 VBOX  )
[    0.001596] ACPI: XSDT 0x00000000DFFF0030 00003C (v01 VBOX   VBOXXSDT 00000001 ASL  00000061)
[    0.001600] ACPI: FACP 0x00000000DFFF00F0 0000F4 (v04 VBOX   VBOXFACP 00000001 ASL  00000061)
[    0.001604] ACPI: DSDT 0x00000000DFFF0620 002353 (v02 VBOX   VBOXBIOS 00000002 INTL 20200925)
[    0.001606] ACPI: FACS 0x00000000DFFF0200 000040
[    0.001607] ACPI: FACS 0x00000000DFFF0200 000040
[    0.001609] ACPI: APIC 0x00000000DFFF0240 00006C (v02 VBOX   VBOXAPIC 00000001 ASL  00000061)
[    0.001611] ACPI: SSDT 0x00000000DFFF02B0 00036C (v01 VBOX   VBOXCPUT 00000002 INTL 20200925)
[    0.001612] ACPI: Reserving FACP table memory at [mem 0xdfff00f0-0xdfff01e3]
[    0.001613] ACPI: Reserving DSDT table memory at [mem 0xdfff0620-0xdfff2972]
[    0.001614] ACPI: Reserving FACS table memory at [mem 0xdfff0200-0xdfff023f]
[    0.001615] ACPI: Reserving FACS table memory at [mem 0xdfff0200-0xdfff023f]
[    0.001615] ACPI: Reserving APIC table memory at [mem 0xdfff0240-0xdfff02ab]
[    0.001616] ACPI: Reserving SSDT table memory at [mem 0xdfff02b0-0xdfff061b]
[    0.001722] No NUMA configuration found
[    0.001723] Faking a node at [mem 0x0000000000000000-0x000000011fffffff]
[    0.001726] NODE_DATA(0) allocated [mem 0x11fff8000-0x11fffbfff]
[    0.001739] Zone ranges:
[    0.001740]   DMA      [mem 0x0000000000001000-0x0000000000ffffff]
[    0.001741]   DMA32    [mem 0x0000000001000000-0x00000000ffffffff]
[    0.001742]   Normal   [mem 0x0000000100000000-0x000000011fffffff]
[    0.001743] Movable zone start for each node
[    0.001744] Early memory node ranges
[    0.001744]   node   0: [mem 0x0000000000001000-0x000000000009efff]
[    0.001748]   node   0: [mem 0x0000000000100000-0x00000000dffeffff]
[    0.001749]   node   0: [mem 0x0000000100000000-0x000000011fffffff]
[    0.001750] Initmem setup node 0 [mem 0x0000000000001000-0x000000011fffffff]
[    0.002128] On node 0, zone DMA: 1 pages in unavailable ranges
[    0.002153] On node 0, zone DMA: 97 pages in unavailable ranges
[    0.031723] On node 0, zone Normal: 16 pages in unavailable ranges
[    0.031913] ACPI: PM-Timer IO Port: 0x4008
[    0.031985] IOAPIC[0]: apic_id 4, version 32, address 0xfec00000, GSI 0-23
[    0.031989] ACPI: INT_SRC_OVR (bus 0 bus_irq 0 global_irq 2 dfl dfl)
[    0.031991] ACPI: INT_SRC_OVR (bus 0 bus_irq 9 global_irq 9 low level)
[    0.031994] ACPI: Using ACPI (MADT) for SMP configuration information
[    0.032001] smpboot: Allowing 4 CPUs, 0 hotplug CPUs
[    0.032034] PM: hibernation: Registered nosave memory: [mem 0x00000000-0x00000fff]
[    0.032036] PM: hibernation: Registered nosave memory: [mem 0x0009f000-0x0009ffff]
[    0.032037] PM: hibernation: Registered nosave memory: [mem 0x000a0000-0x000effff]
[    0.032037] PM: hibernation: Registered nosave memory: [mem 0x000f0000-0x000fffff]
[    0.032038] PM: hibernation: Registered nosave memory: [mem 0xdfff0000-0xdfffffff]
[    0.032039] PM: hibernation: Registered nosave memory: [mem 0xe0000000-0xfebfffff]
[    0.032039] PM: hibernation: Registered nosave memory: [mem 0xfec00000-0xfec00fff]
[    0.032040] PM: hibernation: Registered nosave memory: [mem 0xfec01000-0xfedfffff]
[    0.032040] PM: hibernation: Registered nosave memory: [mem 0xfee00000-0xfee00fff]
[    0.032041] PM: hibernation: Registered nosave memory: [mem 0xfee01000-0xfffbffff]
[    0.032041] PM: hibernation: Registered nosave memory: [mem 0xfffc0000-0xffffffff]
[    0.032043] [mem 0xe0000000-0xfebfffff] available for PCI devices
[    0.032044] Booting paravirtualized kernel on KVM
[    0.032048] clocksource: refined-jiffies: mask: 0xffffffff max_cycles: 0xffffffff, max_idle_ns: 1910969940391419 ns
[    0.036346] setup_percpu: NR_CPUS:64 nr_cpumask_bits:4 nr_cpu_ids:4 nr_node_ids:1
[    0.036914] percpu: Embedded 53 pages/cpu s176296 r8192 d32600 u524288
[    0.036921] pcpu-alloc: s176296 r8192 d32600 u524288 alloc=1*2097152
[    0.036924] pcpu-alloc: [0] 0 1 2 3 
[    0.036942] Fallback order for Node 0: 0 
[    0.036945] Built 1 zonelists, mobility grouping on.  Total pages: 1031920
[    0.036946] Policy zone: Normal
[    0.036947] Kernel command line: BOOT_IMAGE=/vmlinuz-6.1.11-psaulnie root=/dev/sda4 ro
[    0.036976] Unknown kernel command line parameters "BOOT_IMAGE=/vmlinuz-6.1.11-psaulnie", will be passed to user space.
[    0.037009] random: crng init done
[    0.038910] Dentry cache hash table entries: 524288 (order: 10, 4194304 bytes, linear)
[    0.039704] Inode-cache hash table entries: 262144 (order: 9, 2097152 bytes, linear)
[    0.039753] mem auto-init: stack:all(zero), heap alloc:off, heap free:off
[    0.039763] software IO TLB: area num 4.
[    0.092156] Memory: 4012620K/4193848K available (16396K kernel code, 2680K rwdata, 4820K rodata, 1528K init, 864K bss, 180968K reserved, 0K cma-reserved)
[    0.092196] SLUB: HWalign=64, Order=0-3, MinObjects=0, CPUs=4, Nodes=1
[    0.093520] Dynamic Preempt: voluntary
[    0.093952] rcu: Preemptible hierarchical RCU implementation.
[    0.093953] rcu: 	RCU event tracing is enabled.
[    0.093954] rcu: 	RCU restricting CPUs from NR_CPUS=64 to nr_cpu_ids=4.
[    0.093955] 	Trampoline variant of Tasks RCU enabled.
[    0.093956] rcu: RCU calculated value of scheduler-enlistment delay is 100 jiffies.
[    0.093957] rcu: Adjusting geometry for rcu_fanout_leaf=16, nr_cpu_ids=4
[    0.094992] NR_IRQS: 4352, nr_irqs: 456, preallocated irqs: 16
[    0.095174] rcu: srcu_init: Setting srcu_struct sizes based on contention.
[    0.099139] Console: colour VGA+ 80x25
[    0.118690] printk: console [tty0] enabled
[    0.118846] ACPI: Core revision 20220331
[    0.119434] APIC: Switch to symmetric I/O mode setup
[    0.119756] x2apic enabled
[    0.120045] Switched APIC routing to physical x2apic.
[    0.121030] ..TIMER: vector=0x30 apic1=0 pin1=2 apic2=-1 pin2=-1
[    0.121223] clocksource: tsc-early: mask: 0xffffffffffffffff max_cycles: 0x1e36ae19893, max_idle_ns: 440795209930 ns
[    0.121521] Calibrating delay loop (skipped) preset value.. 4192.13 BogoMIPS (lpj=2096068)
[    0.121756] pid_max: default: 32768 minimum: 301
[    0.121911] LSM: Security Framework initializing
[    0.122056] SELinux:  Initializing.
[    0.122214] Mount-cache hash table entries: 8192 (order: 4, 65536 bytes, linear)
[    0.122445] Mountpoint-cache hash table entries: 8192 (order: 4, 65536 bytes, linear)
[    0.122516] Last level iTLB entries: 4KB 1024, 2MB 1024, 4MB 512
[    0.122516] Last level dTLB entries: 4KB 2048, 2MB 2048, 4MB 1024, 1GB 0
[    0.122516] Spectre V1 : Mitigation: usercopy/swapgs barriers and __user pointer sanitization
[    0.122516] Spectre V2 : Mitigation: Retpolines
[    0.122516] Spectre V2 : Spectre v2 / SpectreRSB mitigation: Filling RSB on context switch
[    0.122516] Spectre V2 : Spectre v2 / SpectreRSB : Filling RSB on VMEXIT
[    0.122516] RETBleed: Mitigation: untrained return thunk
[    0.122516] Freeing SMP alternatives memory: 44K
[    0.225628] APIC calibration not consistent with PM-Timer: 109ms instead of 100ms
[    0.225885] APIC delta adjusted to PM-Timer: 6307167 (6880876)
[    0.226110] smpboot: CPU0: AMD Ryzen 5 5500U with Radeon Graphics (family: 0x17, model: 0x68, stepping: 0x1)
[    0.226506] cblist_init_generic: Setting adjustable number of callback queues.
[    0.226516] cblist_init_generic: Setting shift to 2 and lim to 1.
[    0.226516] Performance Events: PMU not available due to virtualization, using software events only.
[    0.226582] rcu: Hierarchical SRCU implementation.
[    0.226754] rcu: 	Max phase no-delay instances is 400.
[    0.227783] smp: Bringing up secondary CPUs ...
[    0.228662] x86: Booting SMP configuration:
[    0.228819] .... node  #0, CPUs:      #1 #2 #3
[    0.233575] smp: Brought up 1 node, 4 CPUs
[    0.233870] smpboot: Max logical packages: 1
[    0.234518] smpboot: Total of 4 processors activated (16768.54 BogoMIPS)
[    0.234975] devtmpfs: initialized
[    0.235590] clocksource: jiffies: mask: 0xffffffff max_cycles: 0xffffffff, max_idle_ns: 1911260446275000 ns
[    0.235825] futex hash table entries: 1024 (order: 4, 65536 bytes, linear)
[    0.236057] PM: RTC time: 08:05:58, date: 2023-04-04
[    0.236617] NET: Registered PF_NETLINK/PF_ROUTE protocol family
[    0.236838] audit: initializing netlink subsys (disabled)
[    0.237010] audit: type=2000 audit(1680595563.294:1): state=initialized audit_enabled=0 res=1
[    0.237010] thermal_sys: Registered thermal governor 'step_wise'
[    0.237525] thermal_sys: Registered thermal governor 'user_space'
[    0.237714] cpuidle: using governor menu
[    0.237966] PCI: Using configuration type 1 for base access
[    0.238518] PCI: Using configuration type 1 for extended access
[    0.240461] kprobes: kprobe jump-optimization is enabled. All kprobes are optimized if possible.
[    0.240591] HugeTLB: registered 2.00 MiB page size, pre-allocated 0 pages
[    0.240714] HugeTLB: 28 KiB vmemmap can be freed for a 2.00 MiB page
[    0.241561] ACPI: Added _OSI(Module Device)
[    0.241748] ACPI: Added _OSI(Processor Device)
[    0.241935] ACPI: Added _OSI(3.0 _SCP Extensions)
[    0.242137] ACPI: Added _OSI(Processor Aggregator Device)
[    0.243547] ACPI: 2 ACPI AML tables successfully acquired and loaded
[    0.326219] ACPI: Interpreter enabled
[    0.326219] ACPI: PM: (supports S0 S5)
[    0.326219] ACPI: Using IOAPIC for interrupt routing
[    0.326644] PCI: Using host bridge windows from ACPI; if necessary, use "pci=nocrs" and report a bug
[    0.326899] PCI: Using E820 reservations for host bridge windows
[    0.327137] ACPI: Enabled 2 GPEs in block 00 to 07
[    0.329516] ACPI: PCI Root Bridge [PCI0] (domain 0000 [bus 00-ff])
[    0.329516] acpi PNP0A03:00: _OSC: OS supports [ExtendedConfig ASPM ClockPM Segments MSI HPX-Type3]
[    0.329516] acpi PNP0A03:00: _OSC: platform does not support [PCIeCapability LTR]
[    0.329516] acpi PNP0A03:00: _OSC: not requesting control; platform does not support [PCIeCapability]
[    0.329516] acpi PNP0A03:00: _OSC: OS requested [PME PCIeCapability LTR]
[    0.329516] acpi PNP0A03:00: _OSC: platform willing to grant [PME]
[    0.329516] acpi PNP0A03:00: _OSC: platform retains control of PCIe features (AE_SUPPORT)
[    0.329516] PCI host bridge to bus 0000:00
[    0.329516] pci_bus 0000:00: root bus resource [io  0x0000-0x0cf7 window]
[    0.329516] pci_bus 0000:00: root bus resource [io  0x0d00-0xffff window]
[    0.329516] pci_bus 0000:00: root bus resource [mem 0x000a0000-0x000bffff window]
[    0.329520] pci_bus 0000:00: root bus resource [mem 0xe0000000-0xfdffffff window]
[    0.329752] pci_bus 0000:00: root bus resource [bus 00-ff]
[    0.330068] pci 0000:00:00.0: [8086:1237] type 00 class 0x060000
[    0.330676] pci 0000:00:01.0: [8086:7000] type 00 class 0x060100
[    0.331125] pci 0000:00:01.1: [8086:7111] type 00 class 0x01018a
[    0.331613] pci 0000:00:01.1: reg 0x20: [io  0xd000-0xd00f]
[    0.331831] pci 0000:00:01.1: legacy IDE quirk: reg 0x10: [io  0x01f0-0x01f7]
[    0.332023] pci 0000:00:01.1: legacy IDE quirk: reg 0x14: [io  0x03f6]
[    0.332203] pci 0000:00:01.1: legacy IDE quirk: reg 0x18: [io  0x0170-0x0177]
[    0.332518] pci 0000:00:01.1: legacy IDE quirk: reg 0x1c: [io  0x0376]
[    0.332772] pci 0000:00:02.0: [15ad:0405] type 00 class 0x030000
[    0.333594] pci 0000:00:02.0: reg 0x10: [io  0xd010-0xd01f]
[    0.335578] pci 0000:00:02.0: reg 0x14: [mem 0xe0000000-0xe0ffffff pref]
[    0.337586] pci 0000:00:02.0: reg 0x18: [mem 0xf0000000-0xf01fffff]
[    0.342516] pci 0000:00:02.0: Video device with shadowed ROM at [mem 0x000c0000-0x000dffff]
[    0.343698] pci 0000:00:03.0: [8086:100e] type 00 class 0x020000
[    0.344742] pci 0000:00:03.0: reg 0x10: [mem 0xf0200000-0xf021ffff]
[    0.346592] pci 0000:00:03.0: reg 0x18: [io  0xd020-0xd027]
[    0.350790] pci 0000:00:04.0: [80ee:cafe] type 00 class 0x088000
[    0.352534] pci 0000:00:04.0: reg 0x10: [io  0xd040-0xd05f]
[    0.353554] pci 0000:00:04.0: reg 0x14: [mem 0xf0400000-0xf07fffff]
[    0.355516] pci 0000:00:04.0: reg 0x18: [mem 0xf0800000-0xf0803fff pref]
[    0.359766] pci 0000:00:05.0: [8086:2415] type 00 class 0x040100
[    0.360004] pci 0000:00:05.0: reg 0x10: [io  0xd100-0xd1ff]
[    0.360543] pci 0000:00:05.0: reg 0x14: [io  0xd200-0xd23f]
[    0.361558] pci 0000:00:06.0: [106b:003f] type 00 class 0x0c0310
[    0.363516] pci 0000:00:06.0: reg 0x10: [mem 0xf0804000-0xf0804fff]
[    0.370722] pci 0000:00:07.0: [8086:7113] type 00 class 0x068000
[    0.372560] pci 0000:00:07.0: quirk: [io  0x4000-0x403f] claimed by PIIX4 ACPI
[    0.373532] pci 0000:00:07.0: quirk: [io  0x4100-0x410f] claimed by PIIX4 SMB
[    0.375539] pci 0000:00:0d.0: [8086:2829] type 00 class 0x010601
[    0.377646] pci 0000:00:0d.0: reg 0x10: [io  0xd240-0xd247]
[    0.379624] pci 0000:00:0d.0: reg 0x14: [io  0xd248-0xd24b]
[    0.381516] pci 0000:00:0d.0: reg 0x18: [io  0xd250-0xd257]
[    0.381723] pci 0000:00:0d.0: reg 0x1c: [io  0xd258-0xd25b]
[    0.383606] pci 0000:00:0d.0: reg 0x20: [io  0xd260-0xd26f]
[    0.383606] pci 0000:00:0d.0: reg 0x24: [mem 0xf0806000-0xf0807fff]
[    0.389867] ACPI: PCI: Interrupt link LNKA configured for IRQ 11
[    0.390664] ACPI: PCI: Interrupt link LNKB configured for IRQ 10
[    0.390878] ACPI: PCI: Interrupt link LNKC configured for IRQ 9
[    0.392571] ACPI: PCI: Interrupt link LNKD configured for IRQ 11
[    0.392715] iommu: Default domain type: Translated 
[    0.392864] iommu: DMA domain TLB invalidation policy: lazy mode 
[    0.393653] SCSI subsystem initialized
[    0.394585] libata version 3.00 loaded.
[    0.394585] ACPI: bus type USB registered
[    0.394585] usbcore: registered new interface driver usbfs
[    0.394708] usbcore: registered new interface driver hub
[    0.394877] usbcore: registered new device driver usb
[    0.395529] pps_core: LinuxPPS API ver. 1 registered
[    0.395678] pps_core: Software ver. 5.3.6 - Copyright 2005-2007 Rodolfo Giometti <giometti@linux.it>
[    0.396519] PTP clock support registered
[    0.396691] Advanced Linux Sound Architecture Driver Initialized.
[    0.397666] NetLabel: Initializing
[    0.397793] NetLabel:  domain hash size = 128
[    0.397930] NetLabel:  protocols = UNLABELED CIPSOv4 CALIPSO
[    0.398535] NetLabel:  unlabeled traffic allowed by default
[    0.398729] PCI: Using ACPI for IRQ routing
[    0.398729] PCI: pci_cache_line_size set to 64 bytes
[    0.399565] e820: reserve RAM buffer [mem 0x0009fc00-0x0009ffff]
[    0.399569] e820: reserve RAM buffer [mem 0xdfff0000-0xdfffffff]
[    0.399584] pci 0000:00:02.0: vgaarb: setting as boot VGA device
[    0.399698] pci 0000:00:02.0: vgaarb: bridge control possible
[    0.399860] pci 0000:00:02.0: vgaarb: VGA device added: decodes=io+mem,owns=io+mem,locks=none
[    0.400519] vgaarb: loaded
[    0.400762] clocksource: Switched to clocksource kvm-clock
[    0.402228] VFS: Disk quotas dquot_6.6.0
[    0.402382] VFS: Dquot-cache hash table entries: 512 (order 0, 4096 bytes)
[    0.402603] pnp: PnP ACPI init
[    0.402721] pnp: PnP ACPI: found 2 devices
[    0.412010] clocksource: acpi_pm: mask: 0xffffff max_cycles: 0xffffff, max_idle_ns: 2085701024 ns
[    0.412325] NET: Registered PF_INET protocol family
[    0.412558] IP idents hash table entries: 65536 (order: 7, 524288 bytes, linear)
[    0.413002] tcp_listen_portaddr_hash hash table entries: 2048 (order: 3, 32768 bytes, linear)
[    0.413002] Table-perturb hash table entries: 65536 (order: 6, 262144 bytes, linear)
[    0.413002] TCP established hash table entries: 32768 (order: 6, 262144 bytes, linear)
[    0.413002] TCP bind hash table entries: 32768 (order: 8, 1048576 bytes, linear)
[    0.413002] TCP: Hash tables configured (established 32768 bind 32768)
[    0.413002] UDP hash table entries: 2048 (order: 4, 65536 bytes, linear)
[    0.413002] UDP-Lite hash table entries: 2048 (order: 4, 65536 bytes, linear)
[    0.413002] NET: Registered PF_UNIX/PF_LOCAL protocol family
[    0.416241] RPC: Registered named UNIX socket transport module.
[    0.417374] RPC: Registered udp transport module.
[    0.417708] RPC: Registered tcp transport module.
[    0.418037] RPC: Registered tcp NFSv4.1 backchannel transport module.
[    0.418688] pci_bus 0000:00: resource 4 [io  0x0000-0x0cf7 window]
[    0.418862] pci_bus 0000:00: resource 5 [io  0x0d00-0xffff window]
[    0.419031] pci_bus 0000:00: resource 6 [mem 0x000a0000-0x000bffff window]
[    0.419214] pci_bus 0000:00: resource 7 [mem 0xe0000000-0xfdffffff window]
[    0.419441] pci 0000:00:00.0: Limiting direct PCI/PCI transfers
[    0.419663] PCI: CLS 0 bytes, default 64
[    0.419663] PCI-DMA: Using software bounce buffering for IO (SWIOTLB)
[    0.421268] Unpacking initramfs...
[    0.421404] software IO TLB: mapped [mem 0x00000000dbff0000-0x00000000dfff0000] (64MB)
[    0.421939] clocksource: tsc: mask: 0xffffffffffffffff max_cycles: 0x1e36ae19893, max_idle_ns: 440795209930 ns
[    0.422419] clocksource: Switched to clocksource tsc
[    0.422612] platform rtc_cmos: registered platform RTC device (no PNP device found)
[    0.423470] Initialise system trusted keyrings
[    0.423697] workingset: timestamp_bits=56 max_order=20 bucket_order=0
[    0.425038] NFS: Registering the id_resolver key type
[    0.425193] Key type id_resolver registered
[    0.425333] Key type id_legacy registered
[    0.425501] 9p: Installing v9fs 9p2000 file system support
[    0.429014] Key type asymmetric registered
[    0.429173] Asymmetric key parser 'x509' registered
[    0.429340] Block layer SCSI generic (bsg) driver version 0.4 loaded (major 251)
[    0.429572] io scheduler mq-deadline registered
[    0.429729] io scheduler kyber registered
[    0.430294] ACPI: AC: AC Adapter [AC] (off-line)
[    0.430486] input: Power Button as /devices/LNXSYSTM:00/LNXPWRBN:00/input/input0
[    0.430848] ACPI: button: Power Button [PWRF]
[    0.431021] input: Sleep Button as /devices/LNXSYSTM:00/LNXSLPBN:00/input/input1
[    0.431260] ACPI: button: Sleep Button [SLPF]
[    0.431444] ACPI: video: Video Device [GFX0] (multi-head: yes  rom: no  post: no)
[    0.431696] input: Video Bus as /devices/LNXSYSTM:00/LNXSYBUS:00/PNP0A03:00/LNXVIDEO:00/input/input2
[    0.432223] Serial: 8250/16550 driver, 4 ports, IRQ sharing enabled
[    0.432806] Non-volatile memory driver v1.3
[    0.432942] Linux agpgart interface v0.103
[    0.433126] ACPI: bus type drm_connector registered
[    0.433177] ACPI: battery: Slot [BAT0] (battery present)
[    0.436005] loop: module loaded
[    0.436225] ahci 0000:00:0d.0: version 3.0
[    0.436689] ahci 0000:00:0d.0: SSS flag set, parallel bus scan disabled
[    0.436934] ahci 0000:00:0d.0: AHCI 0001.0100 32 slots 1 ports 3 Gbps 0x1 impl SATA mode
[    0.436934] ahci 0000:00:0d.0: flags: 64bit ncq stag only ccc 
[    0.438722] scsi host0: ahci
[    0.438929] ata1: SATA max UDMA/133 abar m8192@0xf0806000 port 0xf0806100 irq 21
[    0.439235] ata_piix 0000:00:01.1: version 2.13
[    0.440494] scsi host1: ata_piix
[    0.440982] scsi host2: ata_piix
[    0.441124] ata2: PATA max UDMA/33 cmd 0x1f0 ctl 0x3f6 bmdma 0xd000 irq 14
[    0.441307] ata3: PATA max UDMA/33 cmd 0x170 ctl 0x376 bmdma 0xd008 irq 15
[    0.441727] e100: Intel(R) PRO/100 Network Driver
[    0.441923] e100: Copyright(c) 1999-2006 Intel Corporation
[    0.442109] e1000: Intel(R) PRO/1000 Network Driver
[    0.442265] e1000: Copyright (c) 1999-2006 Intel Corporation.
[    0.497310] Freeing initrd memory: 6540K
[    0.741249] ata3.00: ATAPI: VBOX CD-ROM, 1.0, max UDMA/133
[    0.758925] e1000 0000:00:03.0 eth0: (PCI:33MHz:32-bit) 08:00:27:d4:22:e6
[    0.759346] e1000 0000:00:03.0 eth0: Intel(R) PRO/1000 Network Connection
[    0.759816] e1000e: Intel(R) PRO/1000 Network Driver
[    0.760131] e1000e: Copyright(c) 1999 - 2015 Intel Corporation.
[    0.760520] sky2: driver version 1.30
[    0.762248] ohci-pci 0000:00:06.0: OHCI PCI host controller
[    0.762849] ohci-pci 0000:00:06.0: new USB bus registered, assigned bus number 1
[    0.763460] ohci-pci 0000:00:06.0: irq 22, io mem 0xf0804000
[    0.841437] ata1: SATA link up 3.0 Gbps (SStatus 123 SControl 300)
[    0.842540] ata1.00: ATA-6: VBOX HARDDISK, 1.0, max UDMA/133
[    0.843145] usb usb1: New USB device found, idVendor=1d6b, idProduct=0001, bcdDevice= 6.01
[    0.843198] ata1.00: 62914560 sectors, multi 128: LBA48 NCQ (depth 32)
[    0.843749] usb usb1: New USB device strings: Mfr=3, Product=2, SerialNumber=1
[    0.844029] ata1.00: configured for UDMA/133
[    0.844487] usb usb1: Product: OHCI PCI host controller
[    0.844874] scsi 0:0:0:0: Direct-Access     ATA      VBOX HARDDISK    1.0  PQ: 0 ANSI: 5
[    0.844959] usb usb1: Manufacturer: Linux 6.1.11-psaulnie ohci_hcd
[    0.845570] usb usb1: SerialNumber: 0000:00:06.0
[    0.845650] sd 0:0:0:0: [sda] 62914560 512-byte logical blocks: (32.2 GB/30.0 GiB)
[    0.845653] sd 0:0:0:0: Attached scsi generic sg0 type 0
[    0.845896] scsi 2:0:0:0: CD-ROM            VBOX     CD-ROM           1.0  PQ: 0 ANSI: 5
[    0.846130] hub 1-0:1.0: USB hub found
[    0.846141] sd 0:0:0:0: [sda] Write Protect is off
[    0.846495] hub 1-0:1.0: 12 ports detected
[    0.846708] sd 0:0:0:0: [sda] Mode Sense: 00 3a 00 00
[    0.846718] sd 0:0:0:0: [sda] Write cache: enabled, read cache: enabled, doesn't support DPO or FUA
[    0.847581] sd 0:0:0:0: [sda] Preferred minimum I/O size 512 bytes
[    0.847763] usbcore: registered new interface driver usblp
[    0.848183] usbcore: registered new interface driver usb-storage
[    0.848824] i8042: PNP: PS/2 Controller [PNP0303:PS2K,PNP0f03:PS2M] at 0x60,0x64 irq 1,12
[    0.849824]  sda: sda1 sda2 < sda5 > sda3 sda4
[    0.850216] sd 0:0:0:0: [sda] Attached SCSI disk
[    0.850427] serio: i8042 KBD port at 0x60,0x64 irq 1
[    0.850779] serio: i8042 AUX port at 0x60,0x64 irq 12
[    0.851770] input: AT Translated Set 2 keyboard as /devices/platform/i8042/serio0/input/input3
[    0.853743] rtc_cmos rtc_cmos: registered as rtc0
[    0.854174] rtc_cmos rtc_cmos: alarms up to one day, 114 bytes nvram
[    0.854619] fail to initialize ptp_kvm
[    0.854733] device-mapper: ioctl: 4.47.0-ioctl (2022-07-28) initialised: dm-devel@redhat.com
[    0.855608] hid: raw HID events driver (C) Jiri Kosina
[    0.856146] usbcore: registered new interface driver usbhid
[    0.856493] usbhid: USB HID core driver
[    0.857527] Initializing XFRM netlink socket
[    0.858052] NET: Registered PF_INET6 protocol family
[    0.859013] Segment Routing with IPv6
[    0.859318] In-situ OAM (IOAM) with IPv6
[    0.859636] sit: IPv6, IPv4 and MPLS over IPv4 tunneling driver
[    0.860211] NET: Registered PF_PACKET protocol family
[    0.860638] 9pnet: Installing 9P2000 support
[    0.860951] Key type dns_resolver registered
[    0.861635] IPI shorthand broadcast: enabled
[    0.862010] sched_clock: Marking stable (835452287, 26105068)->(970697332, -109139977)
[    0.863125] registered taskstats version 1
[    0.863416] Loading compiled-in X.509 certificates
[    0.863979] cryptomgr_test (68) used greatest stack depth: 15520 bytes left
[    0.866026] sr 2:0:0:0: [sr0] scsi3-mmc drive: 32x/32x xa/form2 tray
[    0.866612] cdrom: Uniform CD-ROM driver Revision: 3.20
[    0.867083] PM:   Magic number: 3:646:67
[    0.867273] printk: console [netcon0] enabled
[    0.867413] netconsole: network logging started
[    0.867683] cfg80211: Loading compiled-in X.509 certificates for regulatory database
[    0.870109] modprobe (90) used greatest stack depth: 13384 bytes left
[    0.872501] cfg80211: Loaded X.509 cert 'sforshee: 00b28ddf47aef9cea7'
[    0.872716] platform regulatory.0: Direct firmware load for regulatory.db failed with error -2
[    0.872962] cfg80211: failed to load regulatory.db
[    0.873120] ALSA device list:
[    0.873232]   No soundcards found.
[    0.884387] sr 2:0:0:0: Attached scsi CD-ROM sr0
[    0.884602] sr 2:0:0:0: Attached scsi generic sg1 type 5
[    0.885897] Freeing unused kernel image (initmem) memory: 1528K
[    0.890589] Write protecting the kernel read-only data: 24576k
[    0.892282] Freeing unused kernel image (text/rodata gap) memory: 2032K
[    0.893370] Freeing unused kernel image (rodata/data gap) memory: 1324K
[    0.932573] x86/mm: Checked W+X mappings: passed, no W+X pages found.
[    0.932754] Run /init as init process
[    0.932875]   with arguments:
[    0.932875]     /init
[    0.932876]   with environment:
[    0.932876]     HOME=/
[    0.932877]     TERM=linux
[    0.932877]     BOOT_IMAGE=/vmlinuz-6.1.11-psaulnie
[    0.944617] udevd[99]: starting version 3.2.11
[    0.947377] udevd[100]: starting eudev-3.2.11
[    1.058919] input: ImExPS/2 Generic Explorer Mouse as /devices/platform/i8042/serio1/input/input5
[    1.240016] usb 1-1: new full-speed USB device number 2 using ohci-pci
[    1.532630] usb 1-1: New USB device found, idVendor=80ee, idProduct=0021, bcdDevice= 1.00
[    1.532894] usb 1-1: New USB device strings: Mfr=1, Product=3, SerialNumber=0
[    1.533069] usb 1-1: Product: USB Tablet
[    1.533187] usb 1-1: Manufacturer: VirtualBox
[    1.544703] input: VirtualBox USB Tablet as /devices/pci0000:00/0000:00:06.0/usb1/1-1/1-1:1.0/0003:80EE:0021.0001/input/input6
[    1.545162] hid-generic 0003:80EE:0021.0001: input,hidraw0: USB HID v1.10 Mouse [VirtualBox USB Tablet] on usb-0000:00:06.0-1/input0
[    2.079303] EXT4-fs (sda4): INFO: recovery required on readonly filesystem
[    2.079738] EXT4-fs (sda4): write access will be enabled during recovery
[    2.296952] EXT4-fs (sda4): recovery complete
[    2.300672] EXT4-fs (sda4): mounted filesystem with ordered data mode. Quota mode: none.
[    2.305342] udevd (116) used greatest stack depth: 13264 bytes left
[    4.457201] ip (179) used greatest stack depth: 13104 bytes left
[    4.505769] udevd[204]: starting version 3.2.11
[    4.522063] udevd[205]: starting eudev-3.2.11
[    4.573364] e1000 0000:00:03.0 enp0s3: renamed from eth0
[    6.736587] Adding 975868k swap on /dev/sda5.  Priority:1 extents:1 across:975868k 
[    6.760753] EXT4-fs (sda4): re-mounted. Quota mode: none.
[    6.844834] EXT4-fs (sda4): re-mounted. Quota mode: none.
[    6.869506] EXT4-fs (sda3): mounted filesystem with ordered data mode. Quota mode: none.
[    6.870684] ext4 filesystem being mounted at /boot supports timestamps until 2038 (0x7fffffff)
[    7.078110] rc (133) used greatest stack depth: 12984 bytes left
[    7.216945] e1000: enp0s3 NIC Link is Up 1000 Mbps Full Duplex, Flow Control: RX
[    7.217393] IPv6: ADDRCONF(NETDEV_CHANGE): enp0s3: link becomes ready
[  322.677632] rcu: INFO: rcu_preempt detected stalls on CPUs/tasks:
[  322.678238] rcu: 	0-...!: (1 GPs behind) idle=3ed0/0/0x0 softirq=3863/3863 fqs=0 (false positive?)
[  322.678492] rcu: 	3-...!: (0 ticks this GP) idle=55b0/0/0x0 softirq=5242/5242 fqs=0 (false positive?)
[  322.678750] 	(detected by 1, t=21003 jiffies, g=9245, q=89 ncpus=4)
[  322.678922] Sending NMI from CPU 1 to CPUs 0:
[  322.679091] NMI backtrace for cpu 0 skipped: idling at default_idle+0xb/0x10
[  322.680063] Sending NMI from CPU 1 to CPUs 3:
[  322.680436] NMI backtrace for cpu 3 skipped: idling at default_idle+0xb/0x10
[  322.681386] rcu: rcu_preempt kthread timer wakeup didn't happen for 21000 jiffies! g9245 f0x0 RCU_GP_WAIT_FQS(5) ->state=0x402
[  322.681858] rcu: 	Possible timer handling issue on cpu=3 timer-softirq=1228
[  322.682039] rcu: rcu_preempt kthread starved for 21003 jiffies! g9245 f0x0 RCU_GP_WAIT_FQS(5) ->state=0x402 ->cpu=3
[  322.682314] rcu: 	Unless rcu_preempt kthread gets sufficient CPU time, OOM is now expected behavior.
[  322.682978] rcu: RCU grace-period kthread stack dump:
[  322.683124] task:rcu_preempt     state:I stack:14872 pid:13    ppid:2      flags:0x00004000
[  322.683363] Call Trace:
[  322.683467]  <TASK>
[  322.683563]  __schedule+0x29f/0x740
[  322.683691]  schedule+0x55/0xa0
[  322.683806]  schedule_timeout+0x8f/0x150
[  322.683933]  ? trace_raw_output_tick_stop+0x60/0x60
[  322.684081]  rcu_gp_fqs_loop+0x156/0x590
[  322.684220]  ? __note_gp_changes+0x12d/0x250
[  322.684353]  ? rcu_gp_cleanup+0x4d0/0x4d0
[  322.684480]  rcu_gp_kthread+0x173/0x200
[  322.684606]  kthread+0xe4/0x110
[  322.684722]  ? kthread_complete_and_exit+0x20/0x20
[  322.684866]  ret_from_fork+0x22/0x30
[  322.684994]  </TASK>
[  322.685089] rcu: Stack dump where RCU GP kthread last ran:
[  322.685249] Sending NMI from CPU 1 to CPUs 3:
[  322.685405] NMI backtrace for cpu 3 skipped: idling at default_idle+0xb/0x10
[  553.327293] cc1 (3643) used greatest stack depth: 12880 bytes left
[  558.487574] misc_device: loading out-of-tree module taints kernel.
[  558.488459] Character device registered.
[  609.925589] Cleaning up module.
[  650.825128] Character device registered.
[  665.708058] Cleaning up module.
[  667.160762] Character device registered.
[  680.990114] Cleaning up module.
